// Jest Snapshot v1, https://goo.gl/fbAQLP

exports[`ExcelLoad tests Excel load renders corrrectly 1`] = `
<ExcelLoad>
  <div>
    <form
      action="https://localhost:44375/api/Invoice/Load"
      enctype="multipart/form-data"
      method="post"
    >
      <input
        className="form-control"
        id="excel-file"
        name="excelFile"
        type="file"
      />
      <button
        type="submit"
      >
        Submit
      </button>
    </form>
  </div>
</ExcelLoad>
`;
